  Γû▓ Next.js 14.2.35

   Creating an optimized production build ...
 Γ£ô Compiled successfully
   Linting and checking validity of types ...
node.exe : 
At line:1 char:1
+ & "E:\node/node.exe" "E:
\node/node_modules/npm/bin
/npx-cli.js" next b ...
+ ~~~~~~~~~~~~~~~~~~~~~~~~
~~~~~~~~~~~~~~~~~~~~~~~~~~
~~~~~~~~~~~~~~~~~~~
    + CategoryInfo        
      : NotSpecified: (:  
  String) [], RemoteExc   
 eption
    + FullyQualifiedError 
   Id : NativeCommandErr  
  or
 
Failed to compile.

./src/app/flight/page.tsx
35:40  Error: 
'intelLoading' is 
assigned a value but 
never used.  @typescript-e
slint/no-unused-vars

./src/app/page.tsx
12:48  Error: Unexpected 
any. Specify a different 
type.  @typescript-eslint/
no-explicit-any

./src/app/routes/page.tsx
3:10  Error: 'useQuery' 
is defined but never 
used.  @typescript-eslint/
no-unused-vars
7:21  Error: 'Clock' is 
defined but never used.  @
typescript-eslint/no-unuse
d-vars
11:7  Error: 
'MapComponent' is 
assigned a value but 
never used.  @typescript-e
slint/no-unused-vars
64:28  Error: Unexpected 
any. Specify a different 
type.  @typescript-eslint/
no-explicit-any
82:44  Error: Unexpected 
any. Specify a different 
type.  @typescript-eslint/
no-explicit-any
83:9  Error: 'rawScore' 
is never reassigned. Use 
'const' instead.  
prefer-const
87:37  Error: Unexpected 
any. Specify a different 
type.  @typescript-eslint/
no-explicit-any
88:41  Error: Unexpected 
any. Specify a different 
type.  @typescript-eslint/
no-explicit-any
182:39  Error: Unexpected 
any. Specify a different 
type.  @typescript-eslint/
no-explicit-any
214:41  Error: Unexpected 
any. Specify a different 
type.  @typescript-eslint/
no-explicit-any

./src/components/MapCompon
ent.tsx
6:10  Error: 'useEffect' 
is defined but never 
used.  @typescript-eslint/
no-unused-vars
19:9  Error: Unexpected 
any. Specify a different 
type.  @typescript-eslint/
no-explicit-any

./src/store/useSearchStore
.ts
12:18  Error: Unexpected 
any. Specify a different 
type.  @typescript-eslint/
no-explicit-any
14:11  Error: Unexpected 
any. Specify a different 
type.  @typescript-eslint/
no-explicit-any
15:12  Error: Unexpected 
any. Specify a different 
type.  @typescript-eslint/
no-explicit-any
16:11  Error: Unexpected 
any. Specify a different 
type.  @typescript-eslint/
no-explicit-any
17:9  Error: Unexpected 
any. Specify a different 
type.  @typescript-eslint/
no-explicit-any
20:19  Error: Unexpected 
any. Specify a different 
type.  @typescript-eslint/
no-explicit-any

info  - Need to disable 
some ESLint rules? Learn 
more here: https://nextjs.
org/docs/basic-features/es
lint#disabling-rules
